
Name of Structure_1: crit_A.pdb:1,B:1,A: (to be superimposed onto Structure_2)
Name of Structure_2: crit_B.pdb:1,B::1,A
Length of Structure_1: 20 residues
Length of Structure_2: 20 residues

Aligned length= 10, RMSD=   0.00, Seq_ID=n_identical/n_aligned= 1.000
TM-score= 0.50000 (normalized by length of Structure_1: L=20, d0=0.50)
TM-score= 0.50000 (normalized by length of Structure_2: L=20, d0=0.50)
(You should use TM-score normalized by length of the reference structure)

(":" denotes residue pairs of d < 5.0 Angstrom, "." denotes other aligned residues)
AAAAAAAAAA*AAAAAAAAAA*----------*
::::::::::*          *          *
AAAAAAAAAA*----------*AAAAAAAAAA*

------ The rotation matrix to rotate Structure_1 to Structure_2 ------
m               t[m]        u[m][0]        u[m][1]        u[m][2]
0      -0.0000000000   1.0000000000   0.0000000000  -0.0000000000
1       8.0000000000  -0.0000000000   1.0000000000   0.0000000000
2       0.0000000000   0.0000000000  -0.0000000000   1.0000000000

Code for rotating Structure 1 from (x,y,z) to (X,Y,Z):
for(i=0; i<L; i++)
{
   X[i] = t[0] + u[0][0]*x[i] + u[0][1]*y[i] + u[0][2]*z[i];
   Y[i] = t[1] + u[1][0]*x[i] + u[1][1]*y[i] + u[1][2]*z[i];
   Z[i] = t[2] + u[2][0]*x[i] + u[2][1]*y[i] + u[2][2]*z[i];
}
#Total CPU time is  0.00 seconds
